[www.customily.com/index.html]
[static.wixstatic.com/media/5c292d_271d2376849e4146a9d7d6bc9bae55b3_mv2.png/v1/fill/w_32,h_32,lg_1,usm_0.66_1.00_0.01/5c292d_271d2376849e4146a9d7d6bc9bae55b3_mv2.png]
[backblue.gif]
[fade.gif]
[index.html]
[www.customily.com/sitemap.xml]
[www.customily.com/feed.xml]
[static.parastorage.com/services/third-party/requirejs/2.1.15/require.min.js]
[static.parastorage.com/services/santa/1.5702.7/app/main-r.min.js]
[static.parastorage.com/services/skins/2.1229.80/images/wysiwyg/core/themes/base/cursor_zoom_out.png]
[static.parastorage.com/services/skins/2.1229.80/images/wysiwyg/core/themes/base/cursor_zoom_in.png]
[www.customily.com/blog.html]
[www.customily.com/faq.html]
[www.customily.com/pricing-product.html]
[www.customily.com/request-demo.html]
[www.customily.com/shopify.html]
[www.customily.com/magento.html]
[www.customily.com/woocommerce.html]
[www.customily.com/bigcommerce.html]
[www.customily.com/tshirt-design.html]
[www.customily.com/monogram-design.html]
[www.customily.com/working.html]
[www.customily.com/index.html]
[www.customily.com/feed.html]
[static.parastorage.com/services/third-party/requirejs/2.1.15/require.min.js]
[www.customily.com/jewelry-design.html]
[www.customily.com/pricing-product.html]
[www.customily.com/blog.html]
[www.customily.com/faq.html]
[www.customily.com/request-demo.html]
[www.customily.com/shopify.html]
[www.customily.com/bigcommerce.html]
[www.customily.com/woocommerce.html]
[www.customily.com/magento.html]
[www.customily.com/privacy-policy.html]
[www.customily.com/terms.html]
[www.customily.com/pricing-unlimited.html]
[www.customily.com/5c292d_73ea8351f8aa4a6e92f6c39e3660d68bf001.16.delayed]
[www.customily.com/5c292d_73ea8351f8aa4a6e92f6c39e3660d68bf002.jpg]
[www.customily.com/tshirt-design.html]
[www.customily.com/5c292d_0bbe609ba3c6413d86d8247e110ccd54f001.jpg]
[www.customily.com/5c292d_0bbe609ba3c6413d86d8247e110ccd54f002.jpg]
[www.customily.com/monogram-design.html]
[www.customily.com/5c292d_10c99089af08490887b0dbc02f891b98f001.jpg]
[www.customily.com/5c292d_10c99089af08490887b0dbc02f891b98f002.jpg]
[www.customily.com/jewelry-design.html]
[www.customily.com/working.html]
[www.customily.com/privacy-policy.html]
[www.customily.com/terms.html]
[www.customily.com/pricing-unlimited.html]
[www.customily.com/5c292d_73ea8351f8aa4a6e92f6c39e3660d68bf001.html]
[www.customily.com/5c292d_73ea8351f8aa4a6e92f6c39e3660d68bf002.html]
[www.customily.com/5c292d_0bbe609ba3c6413d86d8247e110ccd54f001.html]
[www.customily.com/5c292d_0bbe609ba3c6413d86d8247e110ccd54f002.html]
[www.customily.com/5c292d_10c99089af08490887b0dbc02f891b98f001.html]
[www.customily.com/5c292d_10c99089af08490887b0dbc02f891b98f002.html]
